
> relay@0.1.0 typecheck C:\Users\USER\Documents\New project 3\apps\relay
> tsc --noEmit

src/monetization-routes.ts(152,45): error TS2379: Argument of type '{ pubkeyHash: string; plan: "free" | "pro" | "business" | "enterprise"; expiresAt?: number | undefined; }' is not assignable to parameter of type '{ expiresAt?: number; plan: "free" | "pro" | "business" | "enterprise"; pubkeyHash: string; }' with 'exactOptionalPropertyTypes: true'. Consider adding 'undefined' to the types of the target's properties.
  Types of property 'expiresAt' are incompatible.
    Type 'number | undefined' is not assignable to type 'number'.
      Type 'undefined' is not assignable to type 'number'.
src/monetization-routes.ts(297,40): error TS2339: Property 'current_period_end' does not exist on type 'Subscription'.
src/monetization-routes.ts(298,26): error TS2339: Property 'current_period_end' does not exist on type 'Subscription'.
src/server.ts(36,23): error TS2769: No overload matches this call.
  The last overload gave the following error.
    Argument of type '{ logger: boolean | FastifyBaseLogger | (FastifyLoggerOptions<RawServerDefault, FastifyRequest<RouteGenericInterface, RawServerDefault, ... 5 more ..., ResolveFastifyRequestType<...>>, FastifyReply<...>> & PinoLoggerOptions) | undefined; trustProxy: true; }' is not assignable to parameter of type 'FastifyHttpOptions<RawServerDefault, FastifyBaseLogger>' with 'exactOptionalPropertyTypes: true'. Consider adding 'undefined' to the types of the target's properties.
      Type '{ logger: boolean | FastifyBaseLogger | (FastifyLoggerOptions<RawServerDefault, FastifyRequest<RouteGenericInterface, RawServerDefault, ... 5 more ..., ResolveFastifyRequestType<...>>, FastifyReply<...>> & PinoLoggerOptions) | undefined; trustProxy: true; }' is not assignable to type 'FastifyServerOptions<RawServerDefault, FastifyBaseLogger>' with 'exactOptionalPropertyTypes: true'. Consider adding 'undefined' to the types of the target's properties.
        Types of property 'logger' are incompatible.
          Type 'boolean | FastifyBaseLogger | (FastifyLoggerOptions<RawServerDefault, FastifyRequest<RouteGenericInterface, RawServerDefault, ... 5 more ..., ResolveFastifyRequestType<...>>, FastifyReply<...>> & PinoLoggerOptions) | undefined' is not assignable to type 'boolean | FastifyBaseLogger | (FastifyLoggerOptions<RawServerDefault, FastifyRequest<RouteGenericInterface, RawServerDefault, ... 5 more ..., ResolveFastifyRequestType<...>>, FastifyReply<...>> & PinoLoggerOptions)'.
            Type 'undefined' is not assignable to type 'boolean | FastifyBaseLogger | (FastifyLoggerOptions<RawServerDefault, FastifyRequest<RouteGenericInterface, RawServerDefault, ... 5 more ..., ResolveFastifyRequestType<...>>, FastifyReply<...>> & PinoLoggerOptions)'.
src/server.ts(55,36): error TS2345: Argument of type 'FastifyInstance<Http2SecureServer<typeof IncomingMessage, typeof ServerResponse, typeof Http2ServerRequest, typeof Http2ServerResponse>, Http2ServerRequest, Http2ServerResponse<...>, FastifyBaseLogger, FastifyTypeProviderDefault> & PromiseLike<...>' is not assignable to parameter of type 'FastifyInstance<RawServerDefault, IncomingMessage, ServerResponse<IncomingMessage>, FastifyBaseLogger, FastifyTypeProviderDefault>'.
  Types of property 'server' are incompatible.
    Type 'Http2SecureServer<typeof IncomingMessage, typeof ServerResponse, typeof Http2ServerRequest, typeof Http2ServerResponse>' is missing the following properties from type 'Server<typeof IncomingMessage, typeof ServerResponse>': maxHeadersCount, maxRequestsPerSocket, timeout, headersTimeout, and 4 more.
src/server.ts(56,28): error TS2345: Argument of type 'FastifyInstance<Http2SecureServer<typeof IncomingMessage, typeof ServerResponse, typeof Http2ServerRequest, typeof Http2ServerResponse>, Http2ServerRequest, Http2ServerResponse<...>, FastifyBaseLogger, FastifyTypeProviderDefault> & PromiseLike<...>' is not assignable to parameter of type 'FastifyInstance<RawServerDefault, IncomingMessage, ServerResponse<IncomingMessage>, FastifyBaseLogger, FastifyTypeProviderDefault>'.
  Types of property 'server' are incompatible.
    Type 'Http2SecureServer<typeof IncomingMessage, typeof ServerResponse, typeof Http2ServerRequest, typeof Http2ServerResponse>' is missing the following properties from type 'Server<typeof IncomingMessage, typeof ServerResponse>': maxHeadersCount, maxRequestsPerSocket, timeout, headersTimeout, and 4 more.
src/server.ts(57,30): error TS2345: Argument of type 'FastifyInstance<Http2SecureServer<typeof IncomingMessage, typeof ServerResponse, typeof Http2ServerRequest, typeof Http2ServerResponse>, Http2ServerRequest, Http2ServerResponse<...>, FastifyBaseLogger, FastifyTypeProviderDefault> & PromiseLike<...>' is not assignable to parameter of type 'FastifyInstance<RawServerDefault, IncomingMessage, ServerResponse<IncomingMessage>, FastifyBaseLogger, FastifyTypeProviderDefault>'.
  Types of property 'server' are incompatible.
    Type 'Http2SecureServer<typeof IncomingMessage, typeof ServerResponse, typeof Http2ServerRequest, typeof Http2ServerResponse>' is missing the following properties from type 'Server<typeof IncomingMessage, typeof ServerResponse>': maxHeadersCount, maxRequestsPerSocket, timeout, headersTimeout, and 4 more.
src/server.ts(80,9): error TS2345: Argument of type 'FastifyInstance<Http2SecureServer<typeof IncomingMessage, typeof ServerResponse, typeof Http2ServerRequest, typeof Http2ServerResponse>, Http2ServerRequest, Http2ServerResponse<...>, FastifyBaseLogger, FastifyTypeProviderDefault> & PromiseLike<...>' is not assignable to parameter of type 'FastifyInstance<RawServerDefault, IncomingMessage, ServerResponse<IncomingMessage>, FastifyBaseLogger, FastifyTypeProviderDefault>'.
  Types of property 'server' are incompatible.
    Type 'Http2SecureServer<typeof IncomingMessage, typeof ServerResponse, typeof Http2ServerRequest, typeof Http2ServerResponse>' is missing the following properties from type 'Server<typeof IncomingMessage, typeof ServerResponse>': maxHeadersCount, maxRequestsPerSocket, timeout, headersTimeout, and 4 more.
src/server.ts(89,3): error TS2322: Type 'FastifyInstance<Http2SecureServer<typeof IncomingMessage, typeof ServerResponse, typeof Http2ServerRequest, typeof Http2ServerResponse>, Http2ServerRequest, Http2ServerResponse<...>, FastifyBaseLogger, FastifyTypeProviderDefault>' is not assignable to type 'FastifyInstance<RawServerDefault, IncomingMessage, ServerResponse<IncomingMessage>, FastifyBaseLogger, FastifyTypeProviderDefault>'.
  Types of property 'server' are incompatible.
    Type 'Http2SecureServer<typeof IncomingMessage, typeof ServerResponse, typeof Http2ServerRequest, typeof Http2ServerResponse>' is missing the following properties from type 'Server<typeof IncomingMessage, typeof ServerResponse>': maxHeadersCount, maxRequestsPerSocket, timeout, headersTimeout, and 4 more.
 ELIFECYCLE  Command failed with exit code 2.
 WARN   Local package.json exists, but node_modules missing, did you mean to install?
